fr.dila.solonepp.webengine.wsepp.TestChercherCorbeille 01_TestChercherCorbeille
fr.dila.solonepp.webengine.wsepp.TestChercherDossier 02_TestChercherDossier
fr.dila.solonepp.webengine.wsepp.TestNotifierTransition 03_TestNotifierTransition
fr.dila.solonepp.webengine.wsepp.TestNotifierVerrou 04_TestNotifierVerrou
fr.dila.solonepp.webengine.wsepp.TestTableReference 05_TestTableReference
fr.dila.solonepp.webengine.wsevenement.TestAccuserReception 10_TestAccuserReception
fr.dila.solonepp.webengine.wsevenement.TestAnnulerEvenement 11_TestAnnulerEvenement
fr.dila.solonepp.webengine.wsevenement.TestChercherPieceJointe 12_TestChercherPieceJointe
fr.dila.solonepp.webengine.wsevenement.TestCreerVersion 13_TestCreerVersion
fr.dila.solonepp.webengine.wsevenement.TestCreerVersionBrouillonSansPJ 14_TestCreerVersionBrouillonSansPJ
fr.dila.solonepp.webengine.wsevenement.TestCreerVersionCompleter 15_TestCreerVersionCompleter
fr.dila.solonepp.webengine.wsevenement.TestCreerVersionDeltaCompleter  16_TestCreerVersionDeltaCompleter
fr.dila.solonepp.webengine.wsevenement.TestCreerVersionDeltaRectifier 17_TestCreerVersionDeltaRectifier
fr.dila.solonepp.webengine.wsevenement.TestCreerVersionMeta 18_TestCreerVersionMeta
fr.dila.solonepp.webengine.wsevenement.TestCreerVersionRectifier 19_TestCreerVersionRectifier
fr.dila.solonepp.webengine.wsevenement.TestEvenementAlerte 20_TestEvenementAlerte
fr.dila.solonepp.webengine.wsevenement.TestInitialiserEvenement 21_TestInitialiserEvenement
fr.dila.solonepp.webengine.wsevenement.TestMajVisaInterne 22_TestMajVisaInterne
fr.dila.solonepp.webengine.wsevenement.TestPieceJointe 23_TestPieceJointe
fr.dila.solonepp.webengine.wsevenement.TestRechercherEvenementId 24_TestRechercherEvenementId
fr.dila.solonepp.webengine.wsevenement.TestRechercherMessageSimple 25_TestRechercherMessageSimple
fr.dila.solonepp.webengine.wsevenement.TestRechercherMessageXSD 26_TestRechercherMessageXSD
fr.dila.solonepp.webengine.wsevenement.TestSupprimerVersion 27_TestSupprimerVersion
 
